110 Q0 id-26 1 5.040763 bm25
110 Q0 id-15 2 4.936119 bm25
110 Q0 id-10 3 4.7173357 bm25
110 Q0 id2 4 4.274645 bm25
