[
  {
    "nGramm": "1 2 3 4 5 6 7 8",
    "md5Hash": "1edae1ee5b5efe7680ec3e34170c26a9"
  }
]