[
  {
    "nGramm": "1 2 3 4 5 6 7 8",
    "md5Hash": "1edae1ee5b5efe7680ec3e34170c26a9"
  },
  {
    "nGramm": "2 3 4 5 6 7 8 9",
    "md5Hash": "3a835bc28f057cdc9876158705758629"
  },
  {
    "nGramm": "3 4 5 6 7 8 9 10",
    "md5Hash": "1374e1617f8c871775dde3b2e8a137fd"
  }
]