[
  {
    "hash": "0cc470e47bf8e6bccf498887047c0086",
    "ids": [
      "clueweb09-ja0013-99-26143",
      "clueweb09-ja0015-22-20971"
    ]
  },
  {
    "hash": "19fc8dee9db49906028385e1d282cb76",
    "ids": [
      "clueweb09-en0003-30-19876",
      "clueweb09-en0013-15-07655"
    ]
  },
  {
    "hash": "1d16982e3511868d5da34d51df4719d8",
    "ids": [
      "clueweb09-en0079-57-38234",
      "clueweb09-en0023-21-22427"
    ]
  },
  {
    "hash": "1ecb8106b4974f0334d73c784f6756d4",
    "ids": [
      "clueweb09-en0058-75-23241",
      "clueweb09-en0100-26-06559"
    ]
  },
  {
    "hash": "21d416069c8618c2a82c652e3cd8cc52",
    "ids": [
      "clueweb09-en0005-67-29026",
      "clueweb09-en0005-67-29034"
    ]
  },
  {
    "hash": "29296ddb5d08db59b4f56f687576ca3b",
    "ids": [
      "clueweb09-en0047-51-00095",
      "clueweb09-en0026-66-03010",
      "clueweb09-en0011-82-24424"
    ]
  },
  {
    "hash": "2e9bb07bd758405157e96f6e9c2bc950",
    "ids": [
      "clueweb09-ko0002-97-23496",
      "clueweb09-ko0002-97-23497",
      "clueweb09-ko0002-97-23498",
      "clueweb09-ko0002-97-23499",
      "clueweb09-ko0002-97-23500",
      "clueweb09-ko0002-97-23501",
      "clueweb09-ko0002-97-23502",
      "clueweb09-ko0002-97-23503",
      "clueweb09-ko0002-97-23504",
      "clueweb09-ko0002-97-23505",
      "clueweb09-ko0002-97-23506",
      "clueweb09-ko0002-97-23507",
      "clueweb09-ko0002-97-23508",
      "clueweb09-ko0002-97-23509",
      "clueweb09-ko0002-97-23510",
      "clueweb09-ko0002-97-23511",
      "clueweb09-ko0002-97-23512",
      "clueweb09-ko0002-97-23513",
      "clueweb09-ko0002-97-23514",
      "clueweb09-ko0002-97-23515",
      "clueweb09-ko0002-97-23516",
      "clueweb09-ko0002-97-23517",
      "clueweb09-ko0002-97-23518"
    ]
  },
  {
    "hash": "35b9413ad7957d4b51f90afd3ab0c208",
    "ids": [
      "clueweb09-en0015-73-27081",
      "clueweb09-en0000-73-31679"
    ]
  },
  {
    "hash": "53065a145f3a5b7fa56f67639adecad5",
    "ids": [
      "clueweb09-en0009-71-27057",
      "clueweb09-en0088-56-31645"
    ]
  },
  {
    "hash": "5465bd43e50c6d271f1ba77388bae7f4",
    "ids": [
      "clueweb09-zh0009-35-18959",
      "clueweb09-zh0009-35-18962"
    ]
  },
  {
    "hash": "73613269a81412b40d7c4e018b8359e0",
    "ids": [
      "clueweb09-en0069-96-24946",
      "clueweb09-en0064-73-24946"
    ]
  },
  {
    "hash": "80630e116ba82a34d7516db35bfa8070",
    "ids": [
      "clueweb09-zh0036-08-11748",
      "clueweb09-zh0036-08-11760"
    ]
  },
  {
    "hash": "8334ecb572db9487b73b42f11d1dfd07",
    "ids": [
      "clueweb09-en0073-25-11125",
      "clueweb09-en0016-26-33209",
      "clueweb09-en0031-78-00636"
    ]
  },
  {
    "hash": "9bb37ce0c46347b04e7be3539db47ba1",
    "ids": [
      "clueweb09-zh0031-98-40771",
      "clueweb09-zh0019-22-42367"
    ]
  },
  {
    "hash": "a76e2d9e9c56b108fb1d6e15b2a73c2e",
    "ids": [
      "clueweb09-en0054-12-19351",
      "clueweb09-en0075-76-15478"
    ]
  },
  {
    "hash": "ac2d11c5d7f77cdef38f1566f3df8b05",
    "ids": [
      "clueweb09-ja0004-63-23900",
      "clueweb09-ja0009-69-49575",
      "clueweb09-ja0014-01-20176"
    ]
  },
  {
    "hash": "c1bae43910d8c3cf6c179de99e53dae0",
    "ids": [
      "clueweb09-en0129-24-20094",
      "clueweb09-en0117-59-28507"
    ]
  },
  {
    "hash": "d2c82a8d843d11401dace58ed47274cf",
    "ids": [
      "clueweb09-en0083-53-03677",
      "clueweb09-en0128-65-27891"
    ]
  },
  {
    "hash": "e6bd1b6c76128f172b6c3eb1958b3e67",
    "ids": [
      "clueweb09-de0004-28-20810",
      "clueweb09-de0004-28-20811"
    ]
  },
  {
    "hash": "fb31dc7716defb84cee553f5fb88c485",
    "ids": [
      "clueweb09-ja0006-21-30062",
      "clueweb09-ja0013-17-36554"
    ]
  }
]