[
  {
    "hash": "a",
    "ids": [
      "a1",
      "a2",
      "a3",
      "c1",
      "c3"
    ]
  },
  {
    "hash": "b",
    "ids": [
      "b1",
      "b2"
    ]
  }
]