[S3ScoreOnWord8GrammIndex.S3ScoreIntermediateResult(commonNGramms=0, leftMetadata=null, rightMetadata=null, idPair=(a,b)), S3ScoreOnWord8GrammIndex.S3ScoreIntermediateResult(commonNGramms=0, leftMetadata=null, rightMetadata=null, idPair=(a,c)), S3ScoreOnWord8GrammIndex.S3ScoreIntermediateResult(commonNGramms=0, leftMetadata=null, rightMetadata=null, idPair=(a,e)), S3ScoreOnWord8GrammIndex.S3ScoreIntermediateResult(commonNGramms=0, leftMetadata=null, rightMetadata=null, idPair=(a,h)), S3ScoreOnWord8GrammIndex.S3ScoreIntermediateResult(commonNGramms=0, leftMetadata=null, rightMetadata=null, idPair=(b,c)), S3ScoreOnWord8GrammIndex.S3ScoreIntermediateResult(commonNGramms=0, leftMetadata=null, rightMetadata=null, idPair=(b,e)), S3ScoreOnWord8GrammIndex.S3ScoreIntermediateResult(commonNGramms=0, leftMetadata=null, rightMetadata=null, idPair=(b,h)), S3ScoreOnWord8GrammIndex.S3ScoreIntermediateResult(commonNGramms=0, leftMetadata=null, rightMetadata=null, idPair=(c,e)), S3ScoreOnWord8GrammIndex.S3ScoreIntermediateResult(commonNGramms=0, leftMetadata=null, rightMetadata=null, idPair=(c,h)), S3ScoreOnWord8GrammIndex.S3ScoreIntermediateResult(commonNGramms=0, leftMetadata=null, rightMetadata=null, idPair=(e,h))]