51 Q0 doc1_group1 1 -7.26256 test
51 Q0 doc7_group3 2 -7.41953 test
51 Q0 doc15_nogroup 3 -7.50714 test
51 Q0 doc13_nogroup 4 -7.51302 test
51 Q0 doc14_nogroup 5 -7.59058 test
52 Q0 doc17_nogroup 1 -7.26256 test
52 Q0 doc7_group3 2 -7.41953 test
52 Q0 doc2_group1 3 -7.50714 test
52 Q0 doc13_nogroup 4 -7.51302 test
52 Q0 doc14_nogroup 5 -7.59058 test
53 Q0 doc6_group3 1 -7.26256 test
53 Q0 doc2_group1 2 -7.50714 test
53 Q0 doc13_nogroup 3 -7.51302 test
53 Q0 doc14_nogroup 4 -7.59058 test