51 Q0 doc1_group1 1 -7.26256 test
51 Q0 doc7_group3 2 -7.41953 test
51 Q0 doc13_nogroup 3 -7.51302 test
51 Q0 doc14_nogroup 4 -7.59058 test