{
  "commonNGramms": 0,
  "s3Score": 1.0,
  "chunksInA": 0.0,
  "chunksInB": 0.0,
  "meanChunks": 0.0
}