{
  "UWatMDS_TARSv1": {
    "P_10": "0.834",
    "MAP": "0.462",
    "NDCG": "0.699"
  }
}