{
  "feup-run4": {
    "P_10": "0.026",
    "MAP": "0.003",
    "NDCG": "0.018"
  }
}