{
  "clustmrfaf": {
    "ERR_20": "0.184",
    "ERR_10": "0.175",
    "NDCG_CUT_10": "0.298",
    "NRBP": "0.521",
    "ALPHA_NDCG_CUT_20": "0.668",
    "NDCG_CUT_20": "0.310",
    "ALPHA_NDCG_CUT_10": "0.620",
    "ERR_IA_20": "0.567",
    "ERR_IA_10": "0.554"
  }
}