{
  "indri05AdmfS": {
    "BPREF": "0.428",
    "P_20": "0.598",
    "MAP": "0.389"
  }
}