{
  "uwBAadhoc": {
    "ERR_20": "0.119",
    "NDCG_CUT_20": "0.172",
    "P_20": "0.230",
    "MAP": "0.079"
  }
}