{
  "uwmtFadTPFB": {
    "BPREF": "0.425",
    "P_20": "0.557",
    "MAP": "0.339"
  }
}