{
  "anserini_ax17": {
    "P_10": "0.406",
    "MAP": "0.206",
    "NDCG": "0.494"
  }
}