{
  "THUADALL": {
    "BPREF": "0.343",
    "P_20": "0.460",
    "MAP": "0.286"
  }
}