{
  "THUIR10QaHt": {
    "ERR_20": "0.128",
    "NDCG_CUT_20": "0.201",
    "P_20": "0.331",
    "MAP": "0.112"
  }
}