{
  "Terran": {
    "ERR_20": "0.204",
    "ALPHA_NDCG_CUT_20": "0.647",
    "NRBP": "0.541",
    "NDCG_CUT_20": "0.294",
    "ERR_IA_20": "0.578"
  }
}