{
  "SNUMedinfo12": {
    "ERR_20": "0.176",
    "ALPHA_NDCG_CUT_20": "0.624",
    "NRBP": "0.481",
    "NDCG_CUT_20": "0.270",
    "ERR_IA_20": "0.531"
  }
}