{
  "uogTrAIwLmb": {
    "ERR_20": "0.160",
    "ERR_10": "0.151",
    "NDCG_CUT_10": "0.247",
    "NRBP": "0.498",
    "ALPHA_NDCG_CUT_20": "0.637",
    "NDCG_CUT_20": "0.259",
    "ALPHA_NDCG_CUT_10": "0.606",
    "ERR_IA_20": "0.548",
    "ERR_IA_10": "0.539"
  }
}