{
  "UMa10IASF": {
    "ERR_20": "0.119",
    "NDCG_CUT_20": "0.181",
    "P_20": "0.293",
    "MAP": "0.080"
  }
}