{
  "cmuWiki10": {
    "ERR_20": "0.112",
    "NDCG_CUT_20": "0.212",
    "P_20": "0.400",
    "MAP": "0.157"
  }
}