{
  "webis_baseline2": {
    "P_10": "0.366",
    "MAP": "0.066",
    "NDCG": "0.148"
  }
}