{
  "uogTrA44xi": {
    "ERR_20": "0.313",
    "NDCG_CUT_20": "0.238",
    "P_20": "0.453",
    "MAP": "0.212"
  }
}