{
  "sabopt50v45": {
    "P_10": "0.494",
    "MAP": "0.227",
    "NDCG": "0.509"
  }
}