{
  "humT05l": {
    "BPREF": "0.366",
    "P_20": "0.580",
    "MAP": "0.315"
  }
}