{
  "tgncorpBOOST": {
    "P_10": "0.594",
    "MAP": "0.276",
    "NDCG": "0.535"
  }
}