{
  "RMITUQVDBFNZDM1": {
    "P_10": "0.602",
    "MAP": "0.385",
    "NDCG": "0.676"
  }
}