{
  "DFalah11": {
    "ERR_20": "0.122",
    "NDCG_CUT_20": "0.204",
    "P_20": "0.275",
    "MAP": "0.079"
  }
}