{
  "dlde": {
    "ERR_20": "0.008",
    "ERR_10": "0.008",
    "NDCG_CUT_10": "0.009",
    "NRBP": "0.038",
    "ALPHA_NDCG_CUT_20": "0.058",
    "NDCG_CUT_20": "0.007",
    "ALPHA_NDCG_CUT_10": "0.058",
    "ERR_IA_20": "0.045",
    "ERR_IA_10": "0.045"
  }
}