{
  "webisWt14axMax": {
    "ERR_20": "0.172",
    "ALPHA_NDCG_CUT_20": "0.667",
    "NRBP": "0.550",
    "NDCG_CUT_20": "0.267",
    "ERR_IA_20": "0.589"
  }
}