{
  "UDInfoWebLES": {
    "ERR_20": "0.227",
    "ALPHA_NDCG_CUT_20": "0.754",
    "NRBP": "0.656",
    "NDCG_CUT_20": "0.32295",
    "ERR_IA_20": "0.688"
  }
}