0fae14073cdd1c22e1b5400ab4f37a9c
2ddb89bdb586196c67e6e7ca129975a8
4a7c2970fd9bf65fe09c7cf46df7b06d
553fffea-d760-11e2-9df4-895344c13c30
6dded0e903de1364f2339b60b722a8d0
832f645752aa877c09af9f8bef863396
96c74f0e-9dbe-11e1-b632-937d63cabfe7
aaa40e76-54ef-11e6-bbf5-957ad17b4385
adb46f639387577b2ae3952ecd0d9287
b2e89334-33f9-11e1-825f-dabc29fd7071
fffbc452-b422-11e2-9a98-4be1688d7d84