[
  {
    "id": "GX000-00-0000000",
    "content": "JPL Sgra web Site\n JPL Sgra Web Site The US Space VLBI project web site has moved. Click HERE to go to the new US Space VLBI project web site. The following web pages are now available from this site: Old US space VLBI project web site Project science web page Last updated: Thu Sep 16 17:24:48 PDT 1999",
    "fullyCanonicalizedContent": "jpl sgra web site jpl sgra web site u space vlbi project web site ha move click here go new u space vlbi project web site follow web page now avail from site old u space vlbi project web site project scienc web page last updat thu sep 16 17 24 48 pdt 1999"
  }
]