[
  {
    "id": "GX000-00-0000000",
    "textProfileSignature": "f53510df73a0fb3d6153dcc57a6eaf6d",
    "md5": "09b0e4d99d779eff1ee38efbfdcc6a61",
    "fullyTextProfileSignature": "269b0296c1c63c2750030c739cba821c",
    "fullyCanonicalizedMd5": "fbf2aa428dc4fe2b6bd4d7200b0a4027",
    "documentLength": 303,
    "fullyCanonicalizedWord8GrammCount": 47,
    "fullyCanonicalizedWord8GrammSetSize": 47
  }
]